<?xml version="1.0" encoding="ISO-8859-1" ?>
<link_info>
   <banner>TI ARM Linker PC v18.12.2.LTS</banner>
   <copyright>Copyright (c) 1996-2018 Texas Instruments Incorporated</copyright>
   <link_time>0x5deffcc4</link_time>
   <link_errors>0x0</link_errors>
   <output_file>usb_dev_keyboard.out</output_file>
   <entry_point>
      <name>_c_int00_noargs</name>
      <address>0x30dd</address>
   </entry_point>
   <input_file_list>
      <input_file id="fl-2">
         <path>.\</path>
         <kind>object</kind>
         <file>startup_ccs.obj</file>
         <name>startup_ccs.obj</name>
      </input_file>
      <input_file id="fl-3">
         <path>.\</path>
         <kind>object</kind>
         <file>usb_dev_keyboard.obj</file>
         <name>usb_dev_keyboard.obj</name>
      </input_file>
      <input_file id="fl-4">
         <path>.\</path>
         <kind>object</kind>
         <file>usb_keyb_structs.obj</file>
         <name>usb_keyb_structs.obj</name>
      </input_file>
      <input_file id="fl-5">
         <path>.\drivers\</path>
         <kind>object</kind>
         <file>buttons.obj</file>
         <name>buttons.obj</name>
      </input_file>
      <input_file id="fl-6">
         <path>.\utils\</path>
         <kind>object</kind>
         <file>uartstdio.obj</file>
         <name>uartstdio.obj</name>
      </input_file>
      <input_file id="fl-c">
         <kind>object</kind>
         <file>&lt;internal&gt;</file>
         <name>&lt;internal&gt;</name>
      </input_file>
      <input_file id="fl-d">
         <path>C:\ti\TivaWare_C_Series-2.1.4.178\driverlib\ccs\Debug\</path>
         <kind>archive</kind>
         <file>driverlib.lib</file>
         <name>uart.obj</name>
      </input_file>
      <input_file id="fl-e">
         <path>C:\ti\TivaWare_C_Series-2.1.4.178\driverlib\ccs\Debug\</path>
         <kind>archive</kind>
         <file>driverlib.lib</file>
         <name>interrupt.obj</name>
      </input_file>
      <input_file id="fl-f">
         <path>C:\ti\TivaWare_C_Series-2.1.4.178\driverlib\ccs\Debug\</path>
         <kind>archive</kind>
         <file>driverlib.lib</file>
         <name>cpu.obj</name>
      </input_file>
      <input_file id="fl-10">
         <path>C:\ti\TivaWare_C_Series-2.1.4.178\usblib\ccs\Debug\</path>
         <kind>archive</kind>
         <file>usblib.lib</file>
         <name>usbmode.obj</name>
      </input_file>
      <input_file id="fl-11">
         <path>C:\ti\TivaWare_C_Series-2.1.4.178\usblib\ccs\Debug\</path>
         <kind>archive</kind>
         <file>usblib.lib</file>
         <name>usbtick.obj</name>
      </input_file>
      <input_file id="fl-12">
         <path>C:\ti\TivaWare_C_Series-2.1.4.178\usblib\ccs\Debug\</path>
         <kind>archive</kind>
         <file>usblib.lib</file>
         <name>usbhostenum.obj</name>
      </input_file>
      <input_file id="fl-13">
         <path>C:\ti\TivaWare_C_Series-2.1.4.178\usblib\ccs\Debug\</path>
         <kind>archive</kind>
         <file>usblib.lib</file>
         <name>usbdenum.obj</name>
      </input_file>
      <input_file id="fl-14">
         <path>C:\ti\TivaWare_C_Series-2.1.4.178\usblib\ccs\Debug\</path>
         <kind>archive</kind>
         <file>usblib.lib</file>
         <name>usbdhandler.obj</name>
      </input_file>
      <input_file id="fl-15">
         <path>C:\ti\TivaWare_C_Series-2.1.4.178\usblib\ccs\Debug\</path>
         <kind>archive</kind>
         <file>usblib.lib</file>
         <name>usbdhidkeyb.obj</name>
      </input_file>
      <input_file id="fl-16">
         <path>C:\ti\TivaWare_C_Series-2.1.4.178\usblib\ccs\Debug\</path>
         <kind>archive</kind>
         <file>usblib.lib</file>
         <name>usbdesc.obj</name>
      </input_file>
      <input_file id="fl-17">
         <path>C:\ti\TivaWare_C_Series-2.1.4.178\usblib\ccs\Debug\</path>
         <kind>archive</kind>
         <file>usblib.lib</file>
         <name>usbdma.obj</name>
      </input_file>
      <input_file id="fl-18">
         <path>C:\ti\TivaWare_C_Series-2.1.4.178\usblib\ccs\Debug\</path>
         <kind>archive</kind>
         <file>usblib.lib</file>
         <name>usbulpi.obj</name>
      </input_file>
      <input_file id="fl-19">
         <path>C:\ti\TivaWare_C_Series-2.1.4.178\usblib\ccs\Debug\</path>
         <kind>archive</kind>
         <file>usblib.lib</file>
         <name>usbhhub.obj</name>
      </input_file>
      <input_file id="fl-1a">
         <path>C:\ti\TivaWare_C_Series-2.1.4.178\usblib\ccs\Debug\</path>
         <kind>archive</kind>
         <file>usblib.lib</file>
         <name>usbdcdesc.obj</name>
      </input_file>
      <input_file id="fl-1b">
         <path>C:\ti\TivaWare_C_Series-2.1.4.178\usblib\ccs\Debug\</path>
         <kind>archive</kind>
         <file>usblib.lib</file>
         <name>usbdconfig.obj</name>
      </input_file>
      <input_file id="fl-1c">
         <path>C:\ti\TivaWare_C_Series-2.1.4.178\usblib\ccs\Debug\</path>
         <kind>archive</kind>
         <file>usblib.lib</file>
         <name>usbdhid.obj</name>
      </input_file>
      <input_file id="fl-d2">
         <path>C:\ti\ccs910\ccs\tools\compiler\ti-cgt-arm_18.12.2.LTS\lib\</path>
         <kind>archive</kind>
         <file>rtsv7M4_T_le_v4SPD16_eabi.lib</file>
         <name>u_divt2.asm.obj</name>
      </input_file>
      <input_file id="fl-d3">
         <path>C:\ti\ccs910\ccs\tools\compiler\ti-cgt-arm_18.12.2.LTS\lib\</path>
         <kind>archive</kind>
         <file>rtsv7M4_T_le_v4SPD16_eabi.lib</file>
         <name>copy_zero_init.c.obj</name>
      </input_file>
      <input_file id="fl-d4">
         <path>C:\ti\ccs910\ccs\tools\compiler\ti-cgt-arm_18.12.2.LTS\lib\</path>
         <kind>archive</kind>
         <file>rtsv7M4_T_le_v4SPD16_eabi.lib</file>
         <name>copy_decompress_none.c.obj</name>
      </input_file>
      <input_file id="fl-d5">
         <path>C:\ti\ccs910\ccs\tools\compiler\ti-cgt-arm_18.12.2.LTS\lib\</path>
         <kind>archive</kind>
         <file>rtsv7M4_T_le_v4SPD16_eabi.lib</file>
         <name>copy_decompress_lzss.c.obj</name>
      </input_file>
      <input_file id="fl-d6">
         <path>C:\ti\ccs910\ccs\tools\compiler\ti-cgt-arm_18.12.2.LTS\lib\</path>
         <kind>archive</kind>
         <file>rtsv7M4_T_le_v4SPD16_eabi.lib</file>
         <name>boot_cortex_m.c.obj</name>
      </input_file>
      <input_file id="fl-d7">
         <path>C:\ti\ccs910\ccs\tools\compiler\ti-cgt-arm_18.12.2.LTS\lib\</path>
         <kind>archive</kind>
         <file>rtsv7M4_T_le_v4SPD16_eabi.lib</file>
         <name>div0.asm.obj</name>
      </input_file>
      <input_file id="fl-d8">
         <path>C:\ti\ccs910\ccs\tools\compiler\ti-cgt-arm_18.12.2.LTS\lib\</path>
         <kind>archive</kind>
         <file>rtsv7M4_T_le_v4SPD16_eabi.lib</file>
         <name>memset_t2.asm.obj</name>
      </input_file>
      <input_file id="fl-d9">
         <path>C:\ti\ccs910\ccs\tools\compiler\ti-cgt-arm_18.12.2.LTS\lib\</path>
         <kind>archive</kind>
         <file>rtsv7M4_T_le_v4SPD16_eabi.lib</file>
         <name>memcpy_t2.asm.obj</name>
      </input_file>
      <input_file id="fl-da">
         <path>C:\ti\ccs910\ccs\tools\compiler\ti-cgt-arm_18.12.2.LTS\lib\</path>
         <kind>archive</kind>
         <file>rtsv7M4_T_le_v4SPD16_eabi.lib</file>
         <name>autoinit.c.obj</name>
      </input_file>
      <input_file id="fl-db">
         <path>C:\ti\ccs910\ccs\tools\compiler\ti-cgt-arm_18.12.2.LTS\lib\</path>
         <kind>archive</kind>
         <file>rtsv7M4_T_le_v4SPD16_eabi.lib</file>
         <name>pre_init.c.obj</name>
      </input_file>
      <input_file id="fl-dc">
         <path>C:\ti\ccs910\ccs\tools\compiler\ti-cgt-arm_18.12.2.LTS\lib\</path>
         <kind>archive</kind>
         <file>rtsv7M4_T_le_v4SPD16_eabi.lib</file>
         <name>cpy_tbl.c.obj</name>
      </input_file>
      <input_file id="fl-dd">
         <path>C:\ti\ccs910\ccs\tools\compiler\ti-cgt-arm_18.12.2.LTS\lib\</path>
         <kind>archive</kind>
         <file>rtsv7M4_T_le_v4SPD16_eabi.lib</file>
         <name>exit.c.obj</name>
      </input_file>
      <input_file id="fl-de">
         <path>C:\ti\ccs910\ccs\tools\compiler\ti-cgt-arm_18.12.2.LTS\lib\</path>
         <kind>archive</kind>
         <file>rtsv7M4_T_le_v4SPD16_eabi.lib</file>
         <name>_lock.c.obj</name>
      </input_file>
      <input_file id="fl-df">
         <path>C:\ti\ccs910\ccs\tools\compiler\ti-cgt-arm_18.12.2.LTS\lib\</path>
         <kind>archive</kind>
         <file>rtsv7M4_T_le_v4SPD16_eabi.lib</file>
         <name>args_main.c.obj</name>
      </input_file>
      <input_file id="fl-e0">
         <path>C:\ti\TivaWare_C_Series-2.1.4.178\driverlib\ccs\Debug\</path>
         <kind>archive</kind>
         <file>driverlib.lib</file>
         <name>sysctl.obj</name>
      </input_file>
      <input_file id="fl-e1">
         <path>C:\ti\TivaWare_C_Series-2.1.4.178\driverlib\ccs\Debug\</path>
         <kind>archive</kind>
         <file>driverlib.lib</file>
         <name>udma.obj</name>
      </input_file>
      <input_file id="fl-e2">
         <path>C:\ti\TivaWare_C_Series-2.1.4.178\driverlib\ccs\Debug\</path>
         <kind>archive</kind>
         <file>driverlib.lib</file>
         <name>usb.obj</name>
      </input_file>
   </input_file_list>
   <object_component_list>
      <object_component id="oc-10">
         <name>.intvecs</name>
         <load_address>0x0</load_address>
         <run_address>0x0</run_address>
         <size>0x26c</size>
         <input_file_ref idref="fl-2"/>
      </object_component>
      <object_component id="oc-fd">
         <name>.text:main</name>
         <load_address>0x26c</load_address>
         <run_address>0x26c</run_address>
         <size>0x228</size>
         <input_file_ref idref="fl-3"/>
      </object_component>
      <object_component id="oc-286">
         <name>.text:UARTvprintf</name>
         <load_address>0x494</load_address>
         <run_address>0x494</run_address>
         <size>0x1ee</size>
         <input_file_ref idref="fl-6"/>
      </object_component>
      <object_component id="oc-31">
         <name>.text:FaultISR</name>
         <load_address>0x682</load_address>
         <run_address>0x682</run_address>
         <size>0x2</size>
         <input_file_ref idref="fl-2"/>
      </object_component>
      <object_component id="oc-43">
         <name>.text:UARTStdioIntHandler</name>
         <load_address>0x684</load_address>
         <run_address>0x684</run_address>
         <size>0x160</size>
         <input_file_ref idref="fl-6"/>
      </object_component>
      <object_component id="oc-4c1">
         <name>.text:USBLibDMAInit</name>
         <load_address>0x7e4</load_address>
         <run_address>0x7e4</run_address>
         <size>0x160</size>
         <input_file_ref idref="fl-17"/>
      </object_component>
      <object_component id="oc-369">
         <name>.text:USBDCDInit</name>
         <load_address>0x944</load_address>
         <run_address>0x944</run_address>
         <size>0x150</size>
         <input_file_ref idref="fl-13"/>
      </object_component>
      <object_component id="oc-259">
         <name>.text:USBDEP0StateTxConfig</name>
         <load_address>0xa94</load_address>
         <run_address>0xa94</run_address>
         <size>0x150</size>
         <input_file_ref idref="fl-13"/>
      </object_component>
      <object_component id="oc-c9">
         <name>.text:USBDeviceIntHandlerInternal</name>
         <load_address>0xbe4</load_address>
         <run_address>0xbe4</run_address>
         <size>0x150</size>
         <input_file_ref idref="fl-13"/>
      </object_component>
      <object_component id="oc-525">
         <name>.text:USBDeviceConfig</name>
         <load_address>0xd34</load_address>
         <run_address>0xd34</run_address>
         <size>0x148</size>
         <input_file_ref idref="fl-1b"/>
      </object_component>
      <object_component id="oc-555">
         <name>.text:HandleRequest</name>
         <load_address>0xe7c</load_address>
         <run_address>0xe7c</run_address>
         <size>0x114</size>
         <input_file_ref idref="fl-1c"/>
      </object_component>
      <object_component id="oc-641">
         <name>.text:iDMAUSBTransfer</name>
         <load_address>0xf90</load_address>
         <run_address>0xf90</run_address>
         <size>0xf4</size>
         <input_file_ref idref="fl-17"/>
      </object_component>
      <object_component id="oc-401">
         <name>.text:USBDGetDescriptor</name>
         <load_address>0x1084</load_address>
         <run_address>0x1084</run_address>
         <size>0xe4</size>
         <input_file_ref idref="fl-13"/>
      </object_component>
      <object_component id="oc-353">
         <name>.text:USBDHIDCompositeInit</name>
         <load_address>0x1168</load_address>
         <run_address>0x1168</run_address>
         <size>0xe0</size>
         <input_file_ref idref="fl-1c"/>
      </object_component>
      <object_component id="oc-174">
         <name>.text:USBDeviceEnumHandler</name>
         <load_address>0x1248</load_address>
         <run_address>0x1248</run_address>
         <size>0xd8</size>
         <input_file_ref idref="fl-13"/>
      </object_component>
      <object_component id="oc-5cf">
         <name>.text:uDMAUSBChannelAllocate</name>
         <load_address>0x1320</load_address>
         <run_address>0x1320</run_address>
         <size>0xc4</size>
         <input_file_ref idref="fl-17"/>
      </object_component>
      <object_component id="oc-611">
         <name>.text:uDMAUSBTransfer</name>
         <load_address>0x13e4</load_address>
         <run_address>0x13e4</run_address>
         <size>0xbc</size>
         <input_file_ref idref="fl-17"/>
      </object_component>
      <object_component id="oc-27f">
         <name>.text:UARTStdioConfig</name>
         <load_address>0x14a0</load_address>
         <run_address>0x14a0</run_address>
         <size>0xb0</size>
         <input_file_ref idref="fl-6"/>
      </object_component>
      <object_component id="oc-a3">
         <name>.text:UARTwrite</name>
         <load_address>0x1550</load_address>
         <run_address>0x1550</run_address>
         <size>0xa8</size>
         <input_file_ref idref="fl-6"/>
      </object_component>
      <object_component id="oc-359">
         <name>.text:HIDKeyboardRxHandler</name>
         <load_address>0x15f8</load_address>
         <run_address>0x15f8</run_address>
         <size>0xa6</size>
         <input_file_ref idref="fl-15"/>
      </object_component>
      <object_component id="oc-37">
         <name>.text:IntDefaultHandler</name>
         <load_address>0x169e</load_address>
         <run_address>0x169e</run_address>
         <size>0x2</size>
         <input_file_ref idref="fl-2"/>
      </object_component>
      <object_component id="oc-29d">
         <name>.text:USBDHIDKeyboardCompositeInit</name>
         <load_address>0x16a0</load_address>
         <run_address>0x16a0</run_address>
         <size>0x9c</size>
         <input_file_ref idref="fl-15"/>
      </object_component>
      <object_component id="oc-5d">
         <name>.text</name>
         <load_address>0x173c</load_address>
         <run_address>0x173c</run_address>
         <size>0x9c</size>
         <input_file_ref idref="fl-d9"/>
      </object_component>
      <object_component id="oc-41f">
         <name>.text:USBDSetInterface</name>
         <load_address>0x17d8</load_address>
         <run_address>0x17d8</run_address>
         <size>0x98</size>
         <input_file_ref idref="fl-13"/>
      </object_component>
      <object_component id="oc-413">
         <name>.text:USBDSetConfiguration</name>
         <load_address>0x1870</load_address>
         <run_address>0x1870</run_address>
         <size>0x90</size>
         <input_file_ref idref="fl-13"/>
      </object_component>
      <object_component id="oc-97">
         <name>.text:UARTPrimeTransmit</name>
         <load_address>0x1900</load_address>
         <run_address>0x1900</run_address>
         <size>0x8c</size>
         <input_file_ref idref="fl-6"/>
      </object_component>
      <object_component id="oc-539">
         <name>.text:USBDeviceConfigAlternate</name>
         <load_address>0x198c</load_address>
         <run_address>0x198c</run_address>
         <size>0x8c</size>
         <input_file_ref idref="fl-1b"/>
      </object_component>
      <object_component id="oc-1bb">
         <name>.text:ButtonsPoll</name>
         <load_address>0x1a18</load_address>
         <run_address>0x1a18</run_address>
         <size>0x88</size>
         <input_file_ref idref="fl-5"/>
      </object_component>
      <object_component id="oc-595">
         <name>.text:ProcessIdleTimers</name>
         <load_address>0x1aa0</load_address>
         <run_address>0x1aa0</run_address>
         <size>0x88</size>
         <input_file_ref idref="fl-1c"/>
      </object_component>
      <object_component id="oc-1c7">
         <name>.text:SendString</name>
         <load_address>0x1b28</load_address>
         <run_address>0x1b28</run_address>
         <size>0x88</size>
         <input_file_ref idref="fl-3"/>
      </object_component>
      <object_component id="oc-2b0">
         <name>.text:USBDHIDKeyboardKeyStateChange</name>
         <load_address>0x1bb0</load_address>
         <run_address>0x1bb0</run_address>
         <size>0x86</size>
         <input_file_ref idref="fl-15"/>
      </object_component>
      <object_component id="oc-623">
         <name>.text:iDMAUSBChannelAllocate</name>
         <load_address>0x1c36</load_address>
         <run_address>0x1c36</run_address>
         <size>0x84</size>
         <input_file_ref idref="fl-17"/>
      </object_component>
      <object_component id="oc-2b">
         <name>.text:NmiSR</name>
         <load_address>0x1cba</load_address>
         <run_address>0x1cba</run_address>
         <size>0x2</size>
         <input_file_ref idref="fl-2"/>
      </object_component>
      <object_component id="oc-736">
         <name>.text:uDMAChannelTransferSet</name>
         <load_address>0x1cbc</load_address>
         <run_address>0x1cbc</run_address>
         <size>0x84</size>
         <input_file_ref idref="fl-e1"/>
      </object_component>
      <object_component id="oc-3ef">
         <name>.text:USBDClearFeature</name>
         <load_address>0x1d40</load_address>
         <run_address>0x1d40</run_address>
         <size>0x80</size>
         <input_file_ref idref="fl-13"/>
      </object_component>
      <object_component id="oc-679">
         <name>.text:USBDevEndpointConfigSet</name>
         <load_address>0x1dc0</load_address>
         <run_address>0x1dc0</run_address>
         <size>0x7a</size>
         <input_file_ref idref="fl-e2"/>
      </object_component>
      <object_component id="oc-f1">
         <name>.text</name>
         <load_address>0x1e3a</load_address>
         <run_address>0x1e3a</run_address>
         <size>0x7a</size>
         <input_file_ref idref="fl-d8"/>
      </object_component>
      <object_component id="oc-3e9">
         <name>.text:USBDGetStatus</name>
         <load_address>0x1eb4</load_address>
         <run_address>0x1eb4</run_address>
         <size>0x78</size>
         <input_file_ref idref="fl-13"/>
      </object_component>
      <object_component id="oc-25f">
         <name>.text:USBDEP0StateTx</name>
         <load_address>0x1f2c</load_address>
         <run_address>0x1f2c</run_address>
         <size>0x70</size>
         <input_file_ref idref="fl-13"/>
      </object_component>
      <object_component id="oc-5c9">
         <name>.text:uDMAUSBArbSizeSet</name>
         <load_address>0x1f9c</load_address>
         <run_address>0x1f9c</run_address>
         <size>0x70</size>
         <input_file_ref idref="fl-17"/>
      </object_component>
      <object_component id="oc-617">
         <name>.text:uDMAUSBUnitSizeSet</name>
         <load_address>0x200c</load_address>
         <run_address>0x200c</run_address>
         <size>0x70</size>
         <input_file_ref idref="fl-17"/>
      </object_component>
      <object_component id="oc-2ca">
         <name>.text:KeyboardHandler</name>
         <load_address>0x207c</load_address>
         <run_address>0x207c</run_address>
         <size>0x6c</size>
         <input_file_ref idref="fl-3"/>
      </object_component>
      <object_component id="oc-3f5">
         <name>.text:USBDSetFeature</name>
         <load_address>0x20e8</load_address>
         <run_address>0x20e8</run_address>
         <size>0x6c</size>
         <input_file_ref idref="fl-13"/>
      </object_component>
      <object_component id="oc-1a9">
         <name>.text:ButtonsInit</name>
         <load_address>0x2154</load_address>
         <run_address>0x2154</run_address>
         <size>0x68</size>
         <input_file_ref idref="fl-5"/>
      </object_component>
      <object_component id="oc-70f">
         <name>.text:IntDisable</name>
         <load_address>0x21bc</load_address>
         <run_address>0x21bc</run_address>
         <size>0x68</size>
         <input_file_ref idref="fl-e"/>
      </object_component>
      <object_component id="oc-4d9">
         <name>.text:IntEnable</name>
         <load_address>0x2224</load_address>
         <run_address>0x2224</run_address>
         <size>0x68</size>
         <input_file_ref idref="fl-e"/>
      </object_component>
      <object_component id="oc-13">
         <name>.text:decompress:lzss:__TI_decompress_lzss</name>
         <load_address>0x228c</load_address>
         <run_address>0x228c</run_address>
         <size>0x68</size>
         <input_file_ref idref="fl-d5"/>
      </object_component>
      <object_component id="oc-19d">
         <name>.text:ConfigureUART</name>
         <load_address>0x22f4</load_address>
         <run_address>0x22f4</run_address>
         <size>0x64</size>
         <input_file_ref idref="fl-3"/>
      </object_component>
      <object_component id="oc-54f">
         <name>.text:HandleGetDescriptor</name>
         <load_address>0x2358</load_address>
         <run_address>0x2358</run_address>
         <size>0x64</size>
         <input_file_ref idref="fl-1c"/>
      </object_component>
      <object_component id="oc-709">
         <name>.text:IntIsEnabled</name>
         <load_address>0x23bc</load_address>
         <run_address>0x23bc</run_address>
         <size>0x64</size>
         <input_file_ref idref="fl-e"/>
      </object_component>
      <object_component id="oc-5db">
         <name>.text:uDMAUSBChannelEnable</name>
         <load_address>0x2420</load_address>
         <run_address>0x2420</run_address>
         <size>0x64</size>
         <input_file_ref idref="fl-17"/>
      </object_component>
      <object_component id="oc-58b">
         <name>.text:HandleDevice</name>
         <load_address>0x2484</load_address>
         <run_address>0x2484</run_address>
         <size>0x60</size>
         <input_file_ref idref="fl-1c"/>
      </object_component>
      <object_component id="oc-6c4">
         <name>.text:ProcessDataFromHost</name>
         <load_address>0x24e4</load_address>
         <run_address>0x24e4</run_address>
         <size>0x60</size>
         <input_file_ref idref="fl-1c"/>
      </object_component>
      <object_component id="oc-1c1">
         <name>.text:SendMod</name>
         <load_address>0x2544</load_address>
         <run_address>0x2544</run_address>
         <size>0x60</size>
         <input_file_ref idref="fl-3"/>
      </object_component>
      <object_component id="oc-253">
         <name>.text:USBDReadAndDispatchRequest</name>
         <load_address>0x25a4</load_address>
         <run_address>0x25a4</run_address>
         <size>0x60</size>
         <input_file_ref idref="fl-13"/>
      </object_component>
      <object_component id="oc-23b">
         <name>.text:USBDevEndpointStatusClear</name>
         <load_address>0x2604</load_address>
         <run_address>0x2604</run_address>
         <size>0x5e</size>
         <input_file_ref idref="fl-e2"/>
      </object_component>
      <object_component id="oc-69d">
         <name>.text:FindHIDDescriptor</name>
         <load_address>0x2662</load_address>
         <run_address>0x2662</run_address>
         <size>0x5c</size>
         <input_file_ref idref="fl-1c"/>
      </object_component>
      <object_component id="oc-386">
         <name>.text:RemoveKeyFromPressedList</name>
         <load_address>0x26be</load_address>
         <run_address>0x26be</run_address>
         <size>0x56</size>
         <input_file_ref idref="fl-15"/>
      </object_component>
      <object_component id="oc-5ed">
         <name>.text:uDMAUSBChannelRelease</name>
         <load_address>0x2714</load_address>
         <run_address>0x2714</run_address>
         <size>0x56</size>
         <input_file_ref idref="fl-17"/>
      </object_component>
      <object_component id="oc-6ca">
         <name>.text:ProcessDataToHost</name>
         <load_address>0x276a</load_address>
         <run_address>0x276a</run_address>
         <size>0x54</size>
         <input_file_ref idref="fl-1c"/>
      </object_component>
      <object_component id="oc-497">
         <name>.text:ULPIConfigSet</name>
         <load_address>0x27be</load_address>
         <run_address>0x27be</run_address>
         <size>0x52</size>
         <input_file_ref idref="fl-18"/>
      </object_component>
      <object_component id="oc-479">
         <name>.text:SysCtlPeripheralReset</name>
         <load_address>0x2810</load_address>
         <run_address>0x2810</run_address>
         <size>0x50</size>
         <input_file_ref idref="fl-e0"/>
      </object_component>
      <object_component id="oc-66d">
         <name>.text:USBDCDConfigDescGet</name>
         <load_address>0x2860</load_address>
         <run_address>0x2860</run_address>
         <size>0x50</size>
         <input_file_ref idref="fl-1a"/>
      </object_component>
      <object_component id="oc-156">
         <name>.text:USBDeviceResumeTickHandler</name>
         <load_address>0x28b0</load_address>
         <run_address>0x28b0</run_address>
         <size>0x50</size>
         <input_file_ref idref="fl-13"/>
      </object_component>
      <object_component id="oc-673">
         <name>.text:GetEPDescriptorType</name>
         <load_address>0x2900</load_address>
         <run_address>0x2900</run_address>
         <size>0x4c</size>
         <input_file_ref idref="fl-1b"/>
      </object_component>
      <object_component id="oc-51c">
         <name>.text:USBDStringIndexFromRequest</name>
         <load_address>0x294c</load_address>
         <run_address>0x294c</run_address>
         <size>0x4c</size>
         <input_file_ref idref="fl-13"/>
      </object_component>
      <object_component id="oc-742">
         <name>.text:USBEndpointDMAConfigSet</name>
         <load_address>0x2998</load_address>
         <run_address>0x2998</run_address>
         <size>0x4c</size>
         <input_file_ref idref="fl-e2"/>
      </object_component>
      <object_component id="oc-64d">
         <name>.text:iDMAUSBChannelEnable</name>
         <load_address>0x29e4</load_address>
         <run_address>0x29e4</run_address>
         <size>0x4c</size>
         <input_file_ref idref="fl-17"/>
      </object_component>
      <object_component id="oc-694">
         <name>.text:ConfigAlternateInterfaceGet</name>
         <load_address>0x2a30</load_address>
         <run_address>0x2a30</run_address>
         <size>0x4a</size>
         <input_file_ref idref="fl-1a"/>
      </object_component>
      <object_component id="oc-398">
         <name>.text:USBDHIDReportWrite</name>
         <load_address>0x2a7a</load_address>
         <run_address>0x2a7a</run_address>
         <size>0x4a</size>
         <input_file_ref idref="fl-1c"/>
      </object_component>
      <object_component id="oc-513">
         <name>.text:USBDevEndpointStallClear</name>
         <load_address>0x2ac4</load_address>
         <run_address>0x2ac4</run_address>
         <size>0x4a</size>
         <input_file_ref idref="fl-e2"/>
      </object_component>
      <object_component id="oc-5d5">
         <name>.text:uDMAUSBChannelDisable</name>
         <load_address>0x2b0e</load_address>
         <run_address>0x2b0e</run_address>
         <size>0x4a</size>
         <input_file_ref idref="fl-17"/>
      </object_component>
      <object_component id="oc-6b6">
         <name>.text:SetIdleTimeout</name>
         <load_address>0x2b58</load_address>
         <run_address>0x2b58</run_address>
         <size>0x48</size>
         <input_file_ref idref="fl-1c"/>
      </object_component>
      <object_component id="oc-150">
         <name>.text:USBDeviceEnumResetHandler</name>
         <load_address>0x2ba0</load_address>
         <run_address>0x2ba0</run_address>
         <size>0x48</size>
         <input_file_ref idref="fl-13"/>
      </object_component>
      <object_component id="oc-6f5">
         <name>.text:uDMAChannelAttributeDisable</name>
         <load_address>0x2be8</load_address>
         <run_address>0x2be8</run_address>
         <size>0x48</size>
         <input_file_ref idref="fl-e1"/>
      </object_component>
      <object_component id="oc-247">
         <name>.text:USBEndpointDataGet</name>
         <load_address>0x2c30</load_address>
         <run_address>0x2c30</run_address>
         <size>0x46</size>
         <input_file_ref idref="fl-e2"/>
      </object_component>
      <object_component id="oc-61d">
         <name>.text:iDMAUSBArbSizeSet</name>
         <load_address>0x2c76</load_address>
         <run_address>0x2c76</run_address>
         <size>0x2</size>
         <input_file_ref idref="fl-17"/>
      </object_component>
      <object_component id="oc-44a">
         <name>.text:USBDCDDeviceInfoInit</name>
         <load_address>0x2c78</load_address>
         <run_address>0x2c78</run_address>
         <size>0x44</size>
         <input_file_ref idref="fl-13"/>
      </object_component>
      <object_component id="oc-419">
         <name>.text:USBDGetInterface</name>
         <load_address>0x2cbc</load_address>
         <run_address>0x2cbc</run_address>
         <size>0x44</size>
         <input_file_ref idref="fl-13"/>
      </object_component>
      <object_component id="oc-1e6">
         <name>.text:__TI_auto_init_nobinit_nopinit:__TI_auto_init_nobinit_nopinit</name>
         <load_address>0x2d00</load_address>
         <run_address>0x2d00</run_address>
         <size>0x44</size>
         <input_file_ref idref="fl-da"/>
      </object_component>
      <object_component id="oc-4ec">
         <name>.text:ScheduleReportTransmission</name>
         <load_address>0x2d44</load_address>
         <run_address>0x2d44</run_address>
         <size>0x40</size>
         <input_file_ref idref="fl-1c"/>
      </object_component>
      <object_component id="oc-33d">
         <name>.text</name>
         <load_address>0x2d84</load_address>
         <run_address>0x2d84</run_address>
         <size>0x40</size>
         <input_file_ref idref="fl-d2"/>
      </object_component>
      <object_component id="oc-35f">
         <name>.text:HIDKeyboardTxHandler</name>
         <load_address>0x2dc4</load_address>
         <run_address>0x2dc4</run_address>
         <size>0x3e</size>
         <input_file_ref idref="fl-15"/>
      </object_component>
      <object_component id="oc-659">
         <name>.text:iDMAUSBUnitSizeSet</name>
         <load_address>0x2e02</load_address>
         <run_address>0x2e02</run_address>
         <size>0x2</size>
         <input_file_ref idref="fl-17"/>
      </object_component>
      <object_component id="oc-330">
         <name>.text:UARTFlushTx</name>
         <load_address>0x2e04</load_address>
         <run_address>0x2e04</run_address>
         <size>0x3c</size>
         <input_file_ref idref="fl-6"/>
      </object_component>
      <object_component id="oc-3a2">
         <name>.text:USBDCDRemoteWakeupRequest</name>
         <load_address>0x2e40</load_address>
         <run_address>0x2e40</run_address>
         <size>0x3c</size>
         <input_file_ref idref="fl-13"/>
      </object_component>
      <object_component id="oc-647">
         <name>.text:iDMAUSBChannelRelease</name>
         <load_address>0x2e7c</load_address>
         <run_address>0x2e7c</run_address>
         <size>0x3c</size>
         <input_file_ref idref="fl-17"/>
      </object_component>
      <object_component id="oc-685">
         <name>.text:USBFIFOConfigSet</name>
         <load_address>0x2eb8</load_address>
         <run_address>0x2eb8</run_address>
         <size>0x3a</size>
         <input_file_ref idref="fl-e2"/>
      </object_component>
      <object_component id="oc-439">
         <name>.text</name>
         <load_address>0x2ef2</load_address>
         <run_address>0x2ef2</run_address>
         <size>0x2</size>
         <input_file_ref idref="fl-d7"/>
      </object_component>
      <object_component id="oc-45c">
         <name>.text:InternalUSBRegisterTickHandler</name>
         <load_address>0x2ef4</load_address>
         <run_address>0x2ef4</run_address>
         <size>0x38</size>
         <input_file_ref idref="fl-11"/>
      </object_component>
      <object_component id="oc-15c">
         <name>.text:InternalUSBStartOfFrameTick</name>
         <load_address>0x2f2c</load_address>
         <run_address>0x2f2c</run_address>
         <size>0x38</size>
         <input_file_ref idref="fl-11"/>
      </object_component>
      <object_component id="oc-444">
         <name>.text:USBDCDConfigGetInterfaceEndpoint</name>
         <load_address>0x2f64</load_address>
         <run_address>0x2f64</run_address>
         <size>0x38</size>
         <input_file_ref idref="fl-1a"/>
      </object_component>
      <object_component id="oc-c3">
         <name>.text:USBIntStatusControl</name>
         <load_address>0x2f9c</load_address>
         <run_address>0x2f9c</run_address>
         <size>0x38</size>
         <input_file_ref idref="fl-e2"/>
      </object_component>
      <object_component id="oc-585">
         <name>.text:HandleEndpoints</name>
         <load_address>0x2fd4</load_address>
         <run_address>0x2fd4</run_address>
         <size>0x36</size>
         <input_file_ref idref="fl-1c"/>
      </object_component>
      <object_component id="oc-315">
         <name>.text:USBEndpointDataPut</name>
         <load_address>0x300a</load_address>
         <run_address>0x300a</run_address>
         <size>0x36</size>
         <input_file_ref idref="fl-e2"/>
      </object_component>
      <object_component id="oc-468">
         <name>.text:HIDTickHandler</name>
         <load_address>0x3040</load_address>
         <run_address>0x3040</run_address>
         <size>0x34</size>
         <input_file_ref idref="fl-1c"/>
      </object_component>
      <object_component id="oc-47f">
         <name>.text:SysCtlPeripheralEnable</name>
         <load_address>0x3074</load_address>
         <run_address>0x3074</run_address>
         <size>0x34</size>
         <input_file_ref idref="fl-e0"/>
      </object_component>
      <object_component id="oc-31b">
         <name>.text:USBEndpointDataSend</name>
         <load_address>0x30a8</load_address>
         <run_address>0x30a8</run_address>
         <size>0x34</size>
         <input_file_ref idref="fl-e2"/>
      </object_component>
      <object_component id="oc-7b">
         <name>.text:_c_int00_noargs:_c_int00_noargs</name>
         <load_address>0x30dc</load_address>
         <run_address>0x30dc</run_address>
         <size>0x34</size>
         <input_file_ref idref="fl-d6"/>
      </object_component>
      <object_component id="oc-629">
         <name>.text:iDMAUSBChannelStatus</name>
         <load_address>0x3110</load_address>
         <run_address>0x3110</run_address>
         <size>0x34</size>
         <input_file_ref idref="fl-17"/>
      </object_component>
      <object_component id="oc-4e6">
         <name>.text:ClearReportTimer</name>
         <load_address>0x3144</load_address>
         <run_address>0x3144</run_address>
         <size>0x32</size>
         <input_file_ref idref="fl-1c"/>
      </object_component>
      <object_component id="oc-55b">
         <name>.text:HandleConfigChange</name>
         <load_address>0x3176</load_address>
         <run_address>0x3176</run_address>
         <size>0x32</size>
         <input_file_ref idref="fl-1c"/>
      </object_component>
      <object_component id="oc-544">
         <name>.text:NextConfigDescGet</name>
         <load_address>0x31a8</load_address>
         <run_address>0x31a8</run_address>
         <size>0x32</size>
         <input_file_ref idref="fl-1a"/>
      </object_component>
      <object_component id="oc-3e0">
         <name>.text:USBDevEndpointStall</name>
         <load_address>0x31da</load_address>
         <run_address>0x31da</run_address>
         <size>0x32</size>
         <input_file_ref idref="fl-e2"/>
      </object_component>
      <object_component id="oc-653">
         <name>.text:iDMAUSBChannelDisable</name>
         <load_address>0x320c</load_address>
         <run_address>0x320c</run_address>
         <size>0x32</size>
         <input_file_ref idref="fl-17"/>
      </object_component>
      <object_component id="oc-38c">
         <name>.text:AddKeyToPressedList</name>
         <load_address>0x323e</load_address>
         <run_address>0x323e</run_address>
         <size>0x30</size>
         <input_file_ref idref="fl-15"/>
      </object_component>
      <object_component id="oc-5f9">
         <name>.text:DMAUSBIntHandler</name>
         <load_address>0x326e</load_address>
         <run_address>0x326e</run_address>
         <size>0x30</size>
         <input_file_ref idref="fl-17"/>
      </object_component>
      <object_component id="oc-5e7">
         <name>.text:uDMAUSBChannelIntDisable</name>
         <load_address>0x329e</load_address>
         <run_address>0x329e</run_address>
         <size>0x2</size>
         <input_file_ref idref="fl-17"/>
      </object_component>
      <object_component id="oc-456">
         <name>.text:InternalUSBTickInit</name>
         <load_address>0x32a0</load_address>
         <run_address>0x32a0</run_address>
         <size>0x30</size>
         <input_file_ref idref="fl-11"/>
      </object_component>
      <object_component id="oc-40d">
         <name>.text:USBDGetConfiguration</name>
         <load_address>0x32d0</load_address>
         <run_address>0x32d0</run_address>
         <size>0x30</size>
         <input_file_ref idref="fl-13"/>
      </object_component>
      <object_component id="oc-1b5">
         <name>.text:USBDHIDKeyboardInit</name>
         <load_address>0x3300</load_address>
         <run_address>0x3300</run_address>
         <size>0x30</size>
         <input_file_ref idref="fl-15"/>
      </object_component>
      <object_component id="oc-32a">
         <name>.text:UARTFlushRx</name>
         <load_address>0x3330</load_address>
         <run_address>0x3330</run_address>
         <size>0x2c</size>
         <input_file_ref idref="fl-6"/>
      </object_component>
      <object_component id="oc-791">
         <name>.text:USBDescGet</name>
         <load_address>0x335c</load_address>
         <run_address>0x335c</run_address>
         <size>0x2c</size>
         <input_file_ref idref="fl-16"/>
      </object_component>
      <object_component id="oc-2b6">
         <name>.text:WaitForSendIdle</name>
         <load_address>0x3388</load_address>
         <run_address>0x3388</run_address>
         <size>0x2c</size>
         <input_file_ref idref="fl-3"/>
      </object_component>
      <object_component id="oc-5ff">
         <name>.text:uDMAUSBIntStatus</name>
         <load_address>0x33b4</load_address>
         <run_address>0x33b4</run_address>
         <size>0x2c</size>
         <input_file_ref idref="fl-17"/>
      </object_component>
      <object_component id="oc-52d">
         <name>.text:USBDCDConfigDescGetNum</name>
         <load_address>0x33e0</load_address>
         <run_address>0x33e0</run_address>
         <size>0x2a</size>
         <input_file_ref idref="fl-1a"/>
      </object_component>
      <object_component id="oc-68d">
         <name>.text:USBDescGetNum</name>
         <load_address>0x340a</load_address>
         <run_address>0x340a</run_address>
         <size>0x2a</size>
         <input_file_ref idref="fl-16"/>
      </object_component>
      <object_component id="oc-24d">
         <name>.text:USBDevEndpointDataAck</name>
         <load_address>0x3434</load_address>
         <run_address>0x3434</run_address>
         <size>0x2a</size>
         <input_file_ref idref="fl-e2"/>
      </object_component>
      <object_component id="oc-6b0">
         <name>.text:GetIdleTimeout</name>
         <load_address>0x345e</load_address>
         <run_address>0x345e</run_address>
         <size>0x28</size>
         <input_file_ref idref="fl-1c"/>
      </object_component>
      <object_component id="oc-561">
         <name>.text:HandleEP0DataReceived</name>
         <load_address>0x3486</load_address>
         <run_address>0x3486</run_address>
         <size>0x28</size>
         <input_file_ref idref="fl-1c"/>
      </object_component>
      <object_component id="oc-5e1">
         <name>.text:uDMAUSBChannelIntEnable</name>
         <load_address>0x34ae</load_address>
         <run_address>0x34ae</run_address>
         <size>0x2</size>
         <input_file_ref idref="fl-17"/>
      </object_component>
      <object_component id="oc-3fb">
         <name>.text:USBDSetAddress</name>
         <load_address>0x34b0</load_address>
         <run_address>0x34b0</run_address>
         <size>0x28</size>
         <input_file_ref idref="fl-13"/>
      </object_component>
      <object_component id="oc-4c7">
         <name>.text:USBIntEnableControl</name>
         <load_address>0x34d8</load_address>
         <run_address>0x34d8</run_address>
         <size>0x28</size>
         <input_file_ref idref="fl-e2"/>
      </object_component>
      <object_component id="oc-727">
         <name>.text:uDMAChannelModeGet</name>
         <load_address>0x3500</load_address>
         <run_address>0x3500</run_address>
         <size>0x28</size>
         <input_file_ref idref="fl-e1"/>
      </object_component>
      <object_component id="oc-2a3">
         <name>.text:USBDHIDInit</name>
         <load_address>0x3528</load_address>
         <run_address>0x3528</run_address>
         <size>0x26</size>
         <input_file_ref idref="fl-1c"/>
      </object_component>
      <object_component id="oc-6fb">
         <name>.text:USBEndpointDMADisable</name>
         <load_address>0x354e</load_address>
         <run_address>0x354e</run_address>
         <size>0x24</size>
         <input_file_ref idref="fl-e2"/>
      </object_component>
      <object_component id="oc-715">
         <name>.text:USBEndpointDMAEnable</name>
         <load_address>0x3572</load_address>
         <run_address>0x3572</run_address>
         <size>0x24</size>
         <input_file_ref idref="fl-e2"/>
      </object_component>
      <object_component id="oc-1af">
         <name>.text:USBStackModeSet</name>
         <load_address>0x3598</load_address>
         <run_address>0x3598</run_address>
         <size>0x24</size>
         <input_file_ref idref="fl-10"/>
      </object_component>
      <object_component id="oc-6e8">
         <name>.text:uDMAChannelControlSet</name>
         <load_address>0x35bc</load_address>
         <run_address>0x35bc</run_address>
         <size>0x24</size>
         <input_file_ref idref="fl-e1"/>
      </object_component>
      <object_component id="oc-57f">
         <name>.text:HandleDisconnect</name>
         <load_address>0x35e0</load_address>
         <run_address>0x35e0</run_address>
         <size>0x22</size>
         <input_file_ref idref="fl-1c"/>
      </object_component>
      <object_component id="oc-5f3">
         <name>.text:uDMAUSBChannelStatus</name>
         <load_address>0x3602</load_address>
         <run_address>0x3602</run_address>
         <size>0x22</size>
         <input_file_ref idref="fl-17"/>
      </object_component>
      <object_component id="oc-67f">
         <name>.text:GetEndpointFIFOSize</name>
         <load_address>0x3624</load_address>
         <run_address>0x3624</run_address>
         <size>0x20</size>
         <input_file_ref idref="fl-1b"/>
      </object_component>
      <object_component id="oc-567">
         <name>.text:HandleEP0DataSent</name>
         <load_address>0x3644</load_address>
         <run_address>0x3644</run_address>
         <size>0x20</size>
         <input_file_ref idref="fl-1c"/>
      </object_component>
      <object_component id="oc-5ac">
         <name>.text:USBULPIRegRead</name>
         <load_address>0x3664</load_address>
         <run_address>0x3664</run_address>
         <size>0x1e</size>
         <input_file_ref idref="fl-e2"/>
      </object_component>
      <object_component id="oc-5b2">
         <name>.text:USBULPIRegWrite</name>
         <load_address>0x3682</load_address>
         <run_address>0x3682</run_address>
         <size>0x1e</size>
         <input_file_ref idref="fl-e2"/>
      </object_component>
      <object_component id="oc-533">
         <name>.text:USBDCDConfigGetInterface</name>
         <load_address>0x36a0</load_address>
         <run_address>0x36a0</run_address>
         <size>0x1c</size>
         <input_file_ref idref="fl-1a"/>
      </object_component>
      <object_component id="oc-302">
         <name>.text:USBDCDStallEP0</name>
         <load_address>0x36bc</load_address>
         <run_address>0x36bc</run_address>
         <size>0x1c</size>
         <input_file_ref idref="fl-13"/>
      </object_component>
      <object_component id="oc-59b">
         <name>.text:USBEndpointDataAvail</name>
         <load_address>0x36d8</load_address>
         <run_address>0x36d8</run_address>
         <size>0x1c</size>
         <input_file_ref idref="fl-e2"/>
      </object_component>
      <object_component id="oc-450">
         <name>.text:ClearIdleTimers</name>
         <load_address>0x36f4</load_address>
         <run_address>0x36f4</run_address>
         <size>0x1a</size>
         <input_file_ref idref="fl-1c"/>
      </object_component>
      <object_component id="oc-1a3">
         <name>.text:UARTprintf</name>
         <load_address>0x370e</load_address>
         <run_address>0x370e</run_address>
         <size>0x1a</size>
         <input_file_ref idref="fl-6"/>
      </object_component>
      <object_component id="oc-30f">
         <name>.text:USBDCDConfigDescGetSize</name>
         <load_address>0x3728</load_address>
         <run_address>0x3728</run_address>
         <size>0x1a</size>
         <input_file_ref idref="fl-1a"/>
      </object_component>
      <object_component id="oc-6ef">
         <name>.text:USBEndpointDMAChannel</name>
         <load_address>0x3742</load_address>
         <run_address>0x3742</run_address>
         <size>0x1a</size>
         <input_file_ref idref="fl-e2"/>
      </object_component>
      <object_component id="oc-a9">
         <name>.text:IsBufferFull</name>
         <load_address>0x375c</load_address>
         <run_address>0x375c</run_address>
         <size>0x18</size>
         <input_file_ref idref="fl-6"/>
      </object_component>
      <object_component id="oc-6d2">
         <name>.text:SetDeferredOpFlag</name>
         <load_address>0x3774</load_address>
         <run_address>0x3774</run_address>
         <size>0x18</size>
         <input_file_ref idref="fl-1c"/>
      </object_component>
      <object_component id="oc-49">
         <name>.text:USB0DeviceIntHandler</name>
         <load_address>0x378c</load_address>
         <run_address>0x378c</run_address>
         <size>0x18</size>
         <input_file_ref idref="fl-14"/>
      </object_component>
      <object_component id="oc-407">
         <name>.text:USBDSetDescriptor</name>
         <load_address>0x37a4</load_address>
         <run_address>0x37a4</run_address>
         <size>0x18</size>
         <input_file_ref idref="fl-13"/>
      </object_component>
      <object_component id="oc-425">
         <name>.text:USBDSyncFrame</name>
         <load_address>0x37bc</load_address>
         <run_address>0x37bc</run_address>
         <size>0x18</size>
         <input_file_ref idref="fl-13"/>
      </object_component>
      <object_component id="oc-702">
         <name>.text:uDMAChannelDisable</name>
         <load_address>0x37d4</load_address>
         <run_address>0x37d4</run_address>
         <size>0x18</size>
         <input_file_ref idref="fl-e1"/>
      </object_component>
      <object_component id="oc-71b">
         <name>.text:uDMAChannelEnable</name>
         <load_address>0x37ec</load_address>
         <run_address>0x37ec</run_address>
         <size>0x18</size>
         <input_file_ref idref="fl-e1"/>
      </object_component>
      <object_component id="oc-4cd">
         <name>.text:USBIntEnableEndpoint</name>
         <load_address>0x3804</load_address>
         <run_address>0x3804</run_address>
         <size>0x16</size>
         <input_file_ref idref="fl-e2"/>
      </object_component>
      <object_component id="oc-485">
         <name>.text:SysCtlUSBPLLEnable</name>
         <load_address>0x381c</load_address>
         <run_address>0x381c</run_address>
         <size>0x14</size>
         <input_file_ref idref="fl-e0"/>
      </object_component>
      <object_component id="oc-6aa">
         <name>.text:USBDCDRequestDataEP0</name>
         <load_address>0x3830</load_address>
         <run_address>0x3830</run_address>
         <size>0x14</size>
         <input_file_ref idref="fl-13"/>
      </object_component>
      <object_component id="oc-6a3">
         <name>.text:USBDCDSendDataEP0</name>
         <load_address>0x3844</load_address>
         <run_address>0x3844</run_address>
         <size>0x14</size>
         <input_file_ref idref="fl-13"/>
      </object_component>
      <object_component id="oc-77a">
         <name>.text:USBDMAChannelConfigSet</name>
         <load_address>0x3858</load_address>
         <run_address>0x3858</run_address>
         <size>0x14</size>
         <input_file_ref idref="fl-e2"/>
      </object_component>
      <object_component id="oc-226">
         <name>.text:USBHostResume</name>
         <load_address>0x386c</load_address>
         <run_address>0x386c</run_address>
         <size>0x14</size>
         <input_file_ref idref="fl-e2"/>
      </object_component>
      <object_component id="oc-79b">
         <name>.text:_USBIndexWrite</name>
         <load_address>0x3880</load_address>
         <run_address>0x3880</run_address>
         <size>0x14</size>
         <input_file_ref idref="fl-e2"/>
      </object_component>
      <object_component id="oc-579">
         <name>.text:HandleResume</name>
         <load_address>0x3894</load_address>
         <run_address>0x3894</run_address>
         <size>0x12</size>
         <input_file_ref idref="fl-1c"/>
      </object_component>
      <object_component id="oc-573">
         <name>.text:HandleSuspend</name>
         <load_address>0x38a6</load_address>
         <run_address>0x38a6</run_address>
         <size>0x12</size>
         <input_file_ref idref="fl-1c"/>
      </object_component>
      <object_component id="oc-74b">
         <name>.text:USBDMAChannelDisable</name>
         <load_address>0x38b8</load_address>
         <run_address>0x38b8</run_address>
         <size>0x12</size>
         <input_file_ref idref="fl-e2"/>
      </object_component>
      <object_component id="oc-780">
         <name>.text:USBDMAChannelEnable</name>
         <load_address>0x38ca</load_address>
         <run_address>0x38ca</run_address>
         <size>0x12</size>
         <input_file_ref idref="fl-e2"/>
      </object_component>
      <object_component id="oc-767">
         <name>.text:USBDMAChannelIntDisable</name>
         <load_address>0x38dc</load_address>
         <run_address>0x38dc</run_address>
         <size>0x12</size>
         <input_file_ref idref="fl-e2"/>
      </object_component>
      <object_component id="oc-760">
         <name>.text:USBDMAChannelIntEnable</name>
         <load_address>0x38ee</load_address>
         <run_address>0x38ee</run_address>
         <size>0x12</size>
         <input_file_ref idref="fl-e2"/>
      </object_component>
      <object_component id="oc-3d">
         <name>.text:SysTickIntHandler</name>
         <load_address>0x3900</load_address>
         <run_address>0x3900</run_address>
         <size>0x10</size>
         <input_file_ref idref="fl-3"/>
      </object_component>
      <object_component id="oc-235">
         <name>.text:USBEndpointStatus</name>
         <load_address>0x3910</load_address>
         <run_address>0x3910</run_address>
         <size>0x10</size>
         <input_file_ref idref="fl-e2"/>
      </object_component>
      <object_component id="oc-605">
         <name>.text:DMAUSBIntStatusClear</name>
         <load_address>0x3920</load_address>
         <run_address>0x3920</run_address>
         <size>0xe</size>
         <input_file_ref idref="fl-17"/>
      </object_component>
      <object_component id="oc-9d">
         <name>.text:IsBufferEmpty</name>
         <load_address>0x392e</load_address>
         <run_address>0x392e</run_address>
         <size>0xe</size>
         <input_file_ref idref="fl-6"/>
      </object_component>
      <object_component id="oc-392">
         <name>.text:USBDHIDTxPacketAvailable</name>
         <load_address>0x393c</load_address>
         <run_address>0x393c</run_address>
         <size>0xe</size>
         <input_file_ref idref="fl-1c"/>
      </object_component>
      <object_component id="oc-752">
         <name>.text:USBDMAChannelStatus</name>
         <load_address>0x394a</load_address>
         <run_address>0x394a</run_address>
         <size>0xe</size>
         <input_file_ref idref="fl-e2"/>
      </object_component>
      <object_component id="oc-4af">
         <name>.text:USBDevLPMDisable</name>
         <load_address>0x3958</load_address>
         <run_address>0x3958</run_address>
         <size>0xe</size>
         <input_file_ref idref="fl-e2"/>
      </object_component>
      <object_component id="oc-168">
         <name>.text:USBDevLPMEnable</name>
         <load_address>0x3966</load_address>
         <run_address>0x3966</run_address>
         <size>0xe</size>
         <input_file_ref idref="fl-e2"/>
      </object_component>
      <object_component id="oc-49d">
         <name>.text:USBULPIDisable</name>
         <load_address>0x3974</load_address>
         <run_address>0x3974</run_address>
         <size>0xe</size>
         <input_file_ref idref="fl-e2"/>
      </object_component>
      <object_component id="oc-491">
         <name>.text:USBULPIEnable</name>
         <load_address>0x3982</load_address>
         <run_address>0x3982</run_address>
         <size>0xe</size>
         <input_file_ref idref="fl-e2"/>
      </object_component>
      <object_component id="oc-19">
         <name>.text:decompress:none:__TI_decompress_none</name>
         <load_address>0x3990</load_address>
         <run_address>0x3990</run_address>
         <size>0xe</size>
         <input_file_ref idref="fl-d4"/>
      </object_component>
      <object_component id="oc-73c">
         <name>.text:USBEndpointPacketCountSet</name>
         <load_address>0x399e</load_address>
         <run_address>0x399e</run_address>
         <size>0xc</size>
         <input_file_ref idref="fl-e2"/>
      </object_component>
      <object_component id="oc-4bb">
         <name>.text:USBLPMIntEnable</name>
         <load_address>0x39aa</load_address>
         <run_address>0x39aa</run_address>
         <size>0xc</size>
         <input_file_ref idref="fl-e2"/>
      </object_component>
      <object_component id="oc-6f">
         <name>.text:decompress:ZI:__TI_zero_init</name>
         <load_address>0x39b6</load_address>
         <run_address>0x39b6</run_address>
         <size>0xc</size>
         <input_file_ref idref="fl-d3"/>
      </object_component>
      <object_component id="oc-48b">
         <name>.text:USBClockEnable</name>
         <load_address>0x39c2</load_address>
         <run_address>0x39c2</run_address>
         <size>0xa</size>
         <input_file_ref idref="fl-e2"/>
      </object_component>
      <object_component id="oc-5c0">
         <name>.text:USBControllerVersion</name>
         <load_address>0x39cc</load_address>
         <run_address>0x39cc</run_address>
         <size>0xa</size>
         <input_file_ref idref="fl-e2"/>
      </object_component>
      <object_component id="oc-76e">
         <name>.text:USBDMAChannelAddressSet</name>
         <load_address>0x39d6</load_address>
         <run_address>0x39d6</run_address>
         <size>0xa</size>
         <input_file_ref idref="fl-e2"/>
      </object_component>
      <object_component id="oc-774">
         <name>.text:USBDMAChannelCountSet</name>
         <load_address>0x39e0</load_address>
         <run_address>0x39e0</run_address>
         <size>0xa</size>
         <input_file_ref idref="fl-e2"/>
      </object_component>
      <object_component id="oc-4d3">
         <name>.text:USBDevConnect</name>
         <load_address>0x39ea</load_address>
         <run_address>0x39ea</run_address>
         <size>0xa</size>
         <input_file_ref idref="fl-e2"/>
      </object_component>
      <object_component id="oc-17a">
         <name>.text:USBDevDisconnect</name>
         <load_address>0x39f4</load_address>
         <run_address>0x39f4</run_address>
         <size>0xa</size>
         <input_file_ref idref="fl-e2"/>
      </object_component>
      <object_component id="oc-16e">
         <name>.text:USBIntStatusEndpoint</name>
         <load_address>0x39fe</load_address>
         <run_address>0x39fe</run_address>
         <size>0xa</size>
         <input_file_ref idref="fl-e2"/>
      </object_component>
      <object_component id="oc-4a9">
         <name>.text:USBDevMode</name>
         <load_address>0x3a08</load_address>
         <run_address>0x3a08</run_address>
         <size>0x8</size>
         <input_file_ref idref="fl-e2"/>
      </object_component>
      <object_component id="oc-730">
         <name>.text:USBFIFOAddrGet</name>
         <load_address>0x3a10</load_address>
         <run_address>0x3a10</run_address>
         <size>0x8</size>
         <input_file_ref idref="fl-e2"/>
      </object_component>
      <object_component id="oc-4a3">
         <name>.text:USBOTGMode</name>
         <load_address>0x3a18</load_address>
         <run_address>0x3a18</run_address>
         <size>0x8</size>
         <input_file_ref idref="fl-e2"/>
      </object_component>
      <object_component id="oc-63b">
         <name>.text:iDMAUSBChannelIntDisable</name>
         <load_address>0x3a20</load_address>
         <run_address>0x3a20</run_address>
         <size>0x8</size>
         <input_file_ref idref="fl-17"/>
      </object_component>
      <object_component id="oc-635">
         <name>.text:iDMAUSBChannelIntEnable</name>
         <load_address>0x3a28</load_address>
         <run_address>0x3a28</run_address>
         <size>0x8</size>
         <input_file_ref idref="fl-17"/>
      </object_component>
      <object_component id="oc-25">
         <name>.text:ResetISR</name>
         <load_address>0x3a30</load_address>
         <run_address>0x3a30</run_address>
         <size>0x6</size>
         <input_file_ref idref="fl-2"/>
      </object_component>
      <object_component id="oc-279">
         <name>.text:UARTClockSourceSet</name>
         <load_address>0x3a36</load_address>
         <run_address>0x3a36</run_address>
         <size>0x6</size>
         <input_file_ref idref="fl-d"/>
      </object_component>
      <object_component id="oc-1cd">
         <name>.text:USBDHIDKeyboardRemoteWakeupRequest</name>
         <load_address>0x3a3c</load_address>
         <run_address>0x3a3c</run_address>
         <size>0x6</size>
         <input_file_ref idref="fl-15"/>
      </object_component>
      <object_component id="oc-2c1">
         <name>.text:USBDHIDRemoteWakeupRequest</name>
         <load_address>0x3a42</load_address>
         <run_address>0x3a42</run_address>
         <size>0x6</size>
         <input_file_ref idref="fl-1c"/>
      </object_component>
      <object_component id="oc-759">
         <name>.text:USBDMAChannelIntStatus</name>
         <load_address>0x3a48</load_address>
         <run_address>0x3a48</run_address>
         <size>0x6</size>
         <input_file_ref idref="fl-e2"/>
      </object_component>
      <object_component id="oc-4b5">
         <name>.text:USBDevLPMConfig</name>
         <load_address>0x3a4e</load_address>
         <run_address>0x3a4e</run_address>
         <size>0x6</size>
         <input_file_ref idref="fl-e2"/>
      </object_component>
      <object_component id="oc-162">
         <name>.text:USBLPMIntStatus</name>
         <load_address>0x3a54</load_address>
         <run_address>0x3a54</run_address>
         <size>0x6</size>
         <input_file_ref idref="fl-e2"/>
      </object_component>
      <object_component id="oc-62f">
         <name>.text:iDMAUSBIntStatus</name>
         <load_address>0x3a5a</load_address>
         <run_address>0x3a5a</run_address>
         <size>0x6</size>
         <input_file_ref idref="fl-17"/>
      </object_component>
      <object_component id="oc-60b">
         <name>.text:DMAUSBStatus</name>
         <load_address>0x3a60</load_address>
         <run_address>0x3a60</run_address>
         <size>0x4</size>
         <input_file_ref idref="fl-17"/>
      </object_component>
      <object_component id="oc-56d">
         <name>.text:HandleReset</name>
         <load_address>0x3a64</load_address>
         <run_address>0x3a64</run_address>
         <size>0x4</size>
         <input_file_ref idref="fl-1c"/>
      </object_component>
      <object_component id="oc-241">
         <name>.text:USBDevAddrSet</name>
         <load_address>0x3a68</load_address>
         <run_address>0x3a68</run_address>
         <size>0x4</size>
         <input_file_ref idref="fl-e2"/>
      </object_component>
      <object_component id="oc-f7">
         <name>.text:_system_pre_init</name>
         <load_address>0x3a6c</load_address>
         <run_address>0x3a6c</run_address>
         <size>0x4</size>
         <input_file_ref idref="fl-db"/>
      </object_component>
      <object_component id="oc-1da">
         <name>.text:abort:abort</name>
         <load_address>0x3a70</load_address>
         <run_address>0x3a70</run_address>
         <size>0x4</size>
         <input_file_ref idref="fl-dd"/>
      </object_component>
      <object_component id="oc-2bd">
         <name>.const:g_ppi8KeyUsageCodes</name>
         <load_address>0x3a74</load_address>
         <run_address>0x3a74</run_address>
         <size>0xc0</size>
         <input_file_ref idref="fl-3"/>
      </object_component>
      <object_component id="oc-664">
         <name>.const</name>
         <load_address>0x3b34</load_address>
         <run_address>0x3b34</run_address>
         <size>0x70</size>
         <input_file_ref idref="fl-e"/>
      </object_component>
      <object_component id="oc-474">
         <name>.const:.string:g_pui8KeybReportDescriptor</name>
         <load_address>0x3ba4</load_address>
         <run_address>0x3ba4</run_address>
         <size>0x3f</size>
         <input_file_ref idref="fl-15"/>
      </object_component>
      <object_component id="oc-3b9">
         <name>.const:.string:g_pui8ConfigString</name>
         <load_address>0x3be3</load_address>
         <run_address>0x3be3</run_address>
         <size>0x36</size>
         <input_file_ref idref="fl-4"/>
      </object_component>
      <object_component id="oc-30b">
         <name>.const:g_psUSBDStdRequests</name>
         <load_address>0x3c1c</load_address>
         <run_address>0x3c1c</run_address>
         <size>0x34</size>
         <input_file_ref idref="fl-13"/>
      </object_component>
      <object_component id="oc-365">
         <name>.const</name>
         <load_address>0x3c50</load_address>
         <run_address>0x3c50</run_address>
         <size>0x34</size>
         <input_file_ref idref="fl-15"/>
      </object_component>
      <object_component id="oc-462">
         <name>.const:g_sHIDHandlers</name>
         <load_address>0x3c84</load_address>
         <run_address>0x3c84</run_address>
         <size>0x30</size>
         <input_file_ref idref="fl-1c"/>
      </object_component>
      <object_component id="oc-3b6">
         <name>.const:.string:g_pui8HIDInterfaceString</name>
         <load_address>0x3cb4</load_address>
         <run_address>0x3cb4</run_address>
         <size>0x2e</size>
         <input_file_ref idref="fl-4"/>
      </object_component>
      <object_component id="oc-3ad">
         <name>.const:.string:g_pui8ManufacturerString</name>
         <load_address>0x3ce2</load_address>
         <run_address>0x3ce2</run_address>
         <size>0x24</size>
         <input_file_ref idref="fl-4"/>
      </object_component>
      <object_component id="oc-3b0">
         <name>.const:.string:g_pui8ProductString</name>
         <load_address>0x3d06</load_address>
         <run_address>0x3d06</run_address>
         <size>0x22</size>
         <input_file_ref idref="fl-4"/>
      </object_component>
      <object_component id="oc-2d0">
         <name>.const:g_ppui8StringDescriptors</name>
         <load_address>0x3d28</load_address>
         <run_address>0x3d28</run_address>
         <size>0x18</size>
         <input_file_ref idref="fl-4"/>
      </object_component>
      <object_component id="oc-3b3">
         <name>.const:.string:g_pui8SeriailNumberString</name>
         <load_address>0x3d40</load_address>
         <run_address>0x3d40</run_address>
         <size>0x12</size>
         <input_file_ref idref="fl-4"/>
      </object_component>
      <object_component id="oc-471">
         <name>.const:.string</name>
         <load_address>0x3d52</load_address>
         <run_address>0x3d52</run_address>
         <size>0xe</size>
         <input_file_ref idref="fl-15"/>
      </object_component>
      <object_component id="oc-339">
         <name>.const:g_ui32UARTBase</name>
         <load_address>0x3d60</load_address>
         <run_address>0x3d60</run_address>
         <size>0xc</size>
         <input_file_ref idref="fl-6"/>
      </object_component>
      <object_component id="oc-138">
         <name>.const:g_ui32UARTInt</name>
         <load_address>0x3d6c</load_address>
         <run_address>0x3d6c</run_address>
         <size>0xc</size>
         <input_file_ref idref="fl-6"/>
      </object_component>
      <object_component id="oc-336">
         <name>.const:g_ui32UARTPeriph</name>
         <load_address>0x3d78</load_address>
         <run_address>0x3d78</run_address>
         <size>0xc</size>
         <input_file_ref idref="fl-6"/>
      </object_component>
      <object_component id="oc-3aa">
         <name>.const:.string:g_pui8LangDescriptor</name>
         <load_address>0x3d84</load_address>
         <run_address>0x3d84</run_address>
         <size>0x4</size>
         <input_file_ref idref="fl-4"/>
      </object_component>
      <object_component id="oc-809">
         <name>.cinit..data.load</name>
         <load_address>0x3d88</load_address>
         <run_address>0x3d88</run_address>
         <size>0x7a</size>
      </object_component>
      <object_component id="oc-807">
         <name>__TI_handler_table</name>
         <load_address>0x3e04</load_address>
         <run_address>0x3e04</run_address>
         <size>0xc</size>
      </object_component>
      <object_component id="oc-80a">
         <name>.cinit..bss.load</name>
         <load_address>0x3e10</load_address>
         <run_address>0x3e10</run_address>
         <size>0x8</size>
      </object_component>
      <object_component id="oc-808">
         <name>__TI_cinit_table</name>
         <load_address>0x3e18</load_address>
         <run_address>0x3e18</run_address>
         <size>0x10</size>
      </object_component>
      <object_component id="oc-1d3">
         <name>.data</name>
         <load_address>0x20000b8c</load_address>
         <run_address>0x20000b8c</run_address>
         <size>0x3</size>
         <input_file_ref idref="fl-3"/>
      </object_component>
      <object_component id="oc-1d6">
         <name>.data:g_sKeyboardDevice</name>
         <load_address>0x20000a68</load_address>
         <run_address>0x20000a68</run_address>
         <size>0xa4</size>
         <input_file_ref idref="fl-4"/>
      </object_component>
      <object_component id="oc-292">
         <name>.data</name>
         <load_address>0x20000b81</load_address>
         <run_address>0x20000b81</run_address>
         <size>0x3</size>
         <input_file_ref idref="fl-5"/>
      </object_component>
      <object_component id="oc-af">
         <name>.data</name>
         <load_address>0x20000b44</load_address>
         <run_address>0x20000b44</run_address>
         <size>0x15</size>
         <input_file_ref idref="fl-6"/>
      </object_component>
      <object_component id="oc-296">
         <name>.data</name>
         <load_address>0x20000b78</load_address>
         <run_address>0x20000b78</run_address>
         <size>0x9</size>
         <input_file_ref idref="fl-10"/>
      </object_component>
      <object_component id="oc-186">
         <name>.data</name>
         <load_address>0x20000b6c</load_address>
         <run_address>0x20000b6c</run_address>
         <size>0xc</size>
         <input_file_ref idref="fl-11"/>
      </object_component>
      <object_component id="oc-189">
         <name>.data</name>
         <load_address>0x20000b84</load_address>
         <run_address>0x20000b84</run_address>
         <size>0x8</size>
         <input_file_ref idref="fl-13"/>
      </object_component>
      <object_component id="oc-2a9">
         <name>.data</name>
         <load_address>0x20000b0c</load_address>
         <run_address>0x20000b0c</run_address>
         <size>0x38</size>
         <input_file_ref idref="fl-15"/>
      </object_component>
      <object_component id="oc-465">
         <name>.data</name>
         <load_address>0x20000b59</load_address>
         <run_address>0x20000b59</run_address>
         <size>0x12</size>
         <input_file_ref idref="fl-1c"/>
      </object_component>
      <object_component id="oc-b2">
         <name>.bss</name>
         <uninitialized>true</uninitialized>
         <run_address>0x20000650</run_address>
         <size>0x8</size>
         <input_file_ref idref="fl-6"/>
      </object_component>
      <object_component id="oc-13b">
         <name>.bss:g_pcUARTTxBuffer</name>
         <uninitialized>true</uninitialized>
         <run_address>0x20000000</run_address>
         <size>0x400</size>
         <input_file_ref idref="fl-6"/>
      </object_component>
      <object_component id="oc-b5">
         <name>.bss:g_pcUARTRxBuffer</name>
         <uninitialized>true</uninitialized>
         <run_address>0x20000510</run_address>
         <size>0x80</size>
         <input_file_ref idref="fl-6"/>
      </object_component>
      <object_component id="oc-308">
         <name>.bss:g_pui8DataBufferIn</name>
         <uninitialized>true</uninitialized>
         <run_address>0x200005e0</run_address>
         <size>0x40</size>
         <input_file_ref idref="fl-13"/>
      </object_component>
      <object_component id="oc-183">
         <name>.bss:g_psDCDInst</name>
         <uninitialized>true</uninitialized>
         <run_address>0x20000590</run_address>
         <size>0x50</size>
         <input_file_ref idref="fl-13"/>
      </object_component>
      <object_component id="oc-5c6">
         <name>.bss:g_psUSBDMAInst</name>
         <uninitialized>true</uninitialized>
         <run_address>0x20000400</run_address>
         <size>0x110</size>
         <input_file_ref idref="fl-17"/>
      </object_component>
      <object_component id="oc-93">
         <name>.common:g_ui32SysTickCount</name>
         <uninitialized>true</uninitialized>
         <run_address>0x20000660</run_address>
         <size>0x4</size>
      </object_component>
      <object_component id="oc-299">
         <name>.common:g_pfnUSBModeCallback</name>
         <uninitialized>true</uninitialized>
         <run_address>0x20000658</run_address>
         <size>0x4</size>
      </object_component>
      <object_component id="oc-22d">
         <name>.common:g_pfnTickHandlers</name>
         <uninitialized>true</uninitialized>
         <run_address>0x20000620</run_address>
         <size>0x18</size>
      </object_component>
      <object_component id="oc-230">
         <name>.common:g_pvTickInstance</name>
         <uninitialized>true</uninitialized>
         <run_address>0x20000638</run_address>
         <size>0x18</size>
      </object_component>
      <object_component id="oc-4df">
         <name>.common:g_ui32ULPISupport</name>
         <uninitialized>true</uninitialized>
         <run_address>0x20000664</run_address>
         <size>0x4</size>
      </object_component>
      <object_component id="oc-180">
         <name>.common:g_ppsDevInfo</name>
         <uninitialized>true</uninitialized>
         <run_address>0x2000065c</run_address>
         <size>0x4</size>
      </object_component>
      <object_component id="oc-22">
         <name>.stack</name>
         <uninitialized>true</uninitialized>
         <run_address>0x20000668</run_address>
         <size>0x4</size>
         <input_file_ref idref="fl-d6"/>
      </object_component>
      <object_component id="oc-80b">
         <name>.stack</name>
         <uninitialized>true</uninitialized>
         <run_address>0x20000668</run_address>
         <size>0x0</size>
      </object_component>
      <object_component id="oc-51">
         <name>.debug_info</name>
         <load_address>0x0</load_address>
         <run_address>0x0</run_address>
         <size>0x32b</size>
         <input_file_ref idref="fl-2"/>
      </object_component>
      <object_component id="oc-11">
         <name>.debug_info</name>
         <load_address>0x32b</load_address>
         <run_address>0x32b</run_address>
         <size>0xe2</size>
         <input_file_ref idref="fl-2"/>
      </object_component>
      <object_component id="oc-29">
         <name>.debug_info</name>
         <load_address>0x40d</load_address>
         <run_address>0x40d</run_address>
         <size>0x112</size>
         <input_file_ref idref="fl-2"/>
      </object_component>
      <object_component id="oc-2c">
         <name>.debug_info</name>
         <load_address>0x51f</load_address>
         <run_address>0x51f</run_address>
         <size>0x103</size>
         <input_file_ref idref="fl-2"/>
      </object_component>
      <object_component id="oc-38">
         <name>.debug_info</name>
         <load_address>0x622</load_address>
         <run_address>0x622</run_address>
         <size>0x11b</size>
         <input_file_ref idref="fl-2"/>
      </object_component>
      <object_component id="oc-34">
         <name>.debug_info</name>
         <load_address>0x73d</load_address>
         <run_address>0x73d</run_address>
         <size>0x109</size>
         <input_file_ref idref="fl-2"/>
      </object_component>
      <object_component id="oc-d7">
         <name>.debug_info</name>
         <load_address>0x846</load_address>
         <run_address>0x846</run_address>
         <size>0x26b</size>
         <input_file_ref idref="fl-2"/>
      </object_component>
      <object_component id="oc-58">
         <name>.debug_info</name>
         <load_address>0xab1</load_address>
         <run_address>0xab1</run_address>
         <size>0x84</size>
         <input_file_ref idref="fl-2"/>
      </object_component>
      <object_component id="oc-149">
         <name>.debug_info</name>
         <load_address>0xb35</load_address>
         <run_address>0xb35</run_address>
         <size>0x297</size>
         <input_file_ref idref="fl-2"/>
      </object_component>
      <object_component id="oc-12e">
         <name>.debug_info</name>
         <load_address>0xdcc</load_address>
         <run_address>0xdcc</run_address>
         <size>0xef</size>
         <input_file_ref idref="fl-2"/>
      </object_component>
      <object_component id="oc-be">
         <name>.debug_info</name>
         <load_address>0xebb</load_address>
         <run_address>0xebb</run_address>
         <size>0xbb</size>
         <input_file_ref idref="fl-2"/>
      </object_component>
      <object_component id="oc-94">
         <name>.debug_info</name>
         <load_address>0xf76</load_address>
         <run_address>0xf76</run_address>
         <size>0x79d</size>
         <input_file_ref idref="fl-3"/>
      </object_component>
      <object_component id="oc-2be">
         <name>.debug_info</name>
         <load_address>0x1713</load_address>
         <run_address>0x1713</run_address>
         <size>0xf4</size>
         <input_file_ref idref="fl-3"/>
      </object_component>
      <object_component id="oc-1d4">
         <name>.debug_info</name>
         <load_address>0x1807</load_address>
         <run_address>0x1807</run_address>
         <size>0x141</size>
         <input_file_ref idref="fl-3"/>
      </object_component>
      <object_component id="oc-19e">
         <name>.debug_info</name>
         <load_address>0x1948</load_address>
         <run_address>0x1948</run_address>
         <size>0x180</size>
         <input_file_ref idref="fl-3"/>
      </object_component>
      <object_component id="oc-2b7">
         <name>.debug_info</name>
         <load_address>0x1ac8</load_address>
         <run_address>0x1ac8</run_address>
         <size>0x1ba</size>
         <input_file_ref idref="fl-3"/>
      </object_component>
      <object_component id="oc-1c2">
         <name>.debug_info</name>
         <load_address>0x1c82</load_address>
[...]
         <name>InternalUSBRegisterTickHandler</name>
         <value>0x2ef5</value>
         <object_component_ref idref="oc-45c"/>
      </symbol>
      <symbol id="sm-386">
         <name>InternalUSBTickInit</name>
         <value>0x32a1</value>
         <object_component_ref idref="oc-456"/>
      </symbol>
      <symbol id="sm-52f">
         <name>g_ppsDevInfo</name>
         <value>0x2000065c</value>
      </symbol>
      <symbol id="sm-530">
         <name>USBDCDSendDataEP0</name>
         <value>0x3845</value>
         <object_component_ref idref="oc-6a3"/>
      </symbol>
      <symbol id="sm-531">
         <name>USBDCDStallEP0</name>
         <value>0x36bd</value>
         <object_component_ref idref="oc-302"/>
      </symbol>
      <symbol id="sm-532">
         <name>USBDCDRequestDataEP0</name>
         <value>0x3831</value>
         <object_component_ref idref="oc-6aa"/>
      </symbol>
      <symbol id="sm-533">
         <name>USBDeviceEnumHandler</name>
         <value>0x1249</value>
         <object_component_ref idref="oc-174"/>
      </symbol>
      <symbol id="sm-534">
         <name>USBDCDInit</name>
         <value>0x945</value>
         <object_component_ref idref="oc-369"/>
      </symbol>
      <symbol id="sm-535">
         <name>USBDeviceEnumResetHandler</name>
         <value>0x2ba1</value>
         <object_component_ref idref="oc-150"/>
      </symbol>
      <symbol id="sm-536">
         <name>g_psDCDInst</name>
         <value>0x20000590</value>
         <object_component_ref idref="oc-183"/>
      </symbol>
      <symbol id="sm-537">
         <name>USBDCDDeviceInfoInit</name>
         <value>0x2c79</value>
         <object_component_ref idref="oc-44a"/>
      </symbol>
      <symbol id="sm-538">
         <name>USBDeviceIntHandlerInternal</name>
         <value>0xbe5</value>
         <object_component_ref idref="oc-c9"/>
      </symbol>
      <symbol id="sm-539">
         <name>USBDCDRemoteWakeupRequest</name>
         <value>0x2e41</value>
         <object_component_ref idref="oc-3a2"/>
      </symbol>
      <symbol id="sm-53a">
         <name>USBDeviceResumeTickHandler</name>
         <value>0x28b1</value>
         <object_component_ref idref="oc-156"/>
      </symbol>
      <symbol id="sm-546">
         <name>USB0DeviceIntHandler</name>
         <value>0x378d</value>
         <object_component_ref idref="oc-49"/>
      </symbol>
      <symbol id="sm-5fc">
         <name>USBDHIDKeyboardInit</name>
         <value>0x3301</value>
         <object_component_ref idref="oc-1b5"/>
      </symbol>
      <symbol id="sm-5fd">
         <name>USBDHIDKeyboardRemoteWakeupRequest</name>
         <value>0x3a3d</value>
         <object_component_ref idref="oc-1cd"/>
      </symbol>
      <symbol id="sm-5fe">
         <name>USBDHIDKeyboardCompositeInit</name>
         <value>0x16a1</value>
         <object_component_ref idref="oc-29d"/>
      </symbol>
      <symbol id="sm-5ff">
         <name>USBDHIDKeyboardKeyStateChange</name>
         <value>0x1bb1</value>
         <object_component_ref idref="oc-2b0"/>
      </symbol>
      <symbol id="sm-622">
         <name>USBDescGet</name>
         <value>0x335d</value>
         <object_component_ref idref="oc-791"/>
      </symbol>
      <symbol id="sm-623">
         <name>USBDescGetNum</name>
         <value>0x340b</value>
         <object_component_ref idref="oc-68d"/>
      </symbol>
      <symbol id="sm-768">
         <name>USBLibDMAInit</name>
         <value>0x7e5</value>
         <object_component_ref idref="oc-4c1"/>
      </symbol>
      <symbol id="sm-775">
         <name>ULPIConfigSet</name>
         <value>0x27bf</value>
         <object_component_ref idref="oc-497"/>
      </symbol>
      <symbol id="sm-7c6">
         <name>USBDCDConfigDescGet</name>
         <value>0x2861</value>
         <object_component_ref idref="oc-66d"/>
      </symbol>
      <symbol id="sm-7c7">
         <name>USBDCDConfigGetInterface</name>
         <value>0x36a1</value>
         <object_component_ref idref="oc-533"/>
      </symbol>
      <symbol id="sm-7c8">
         <name>USBDCDConfigDescGetSize</name>
         <value>0x3729</value>
         <object_component_ref idref="oc-30f"/>
      </symbol>
      <symbol id="sm-7c9">
         <name>USBDCDConfigGetInterfaceEndpoint</name>
         <value>0x2f65</value>
         <object_component_ref idref="oc-444"/>
      </symbol>
      <symbol id="sm-7ca">
         <name>USBDCDConfigDescGetNum</name>
         <value>0x33e1</value>
         <object_component_ref idref="oc-52d"/>
      </symbol>
      <symbol id="sm-817">
         <name>USBDeviceConfigAlternate</name>
         <value>0x198d</value>
         <object_component_ref idref="oc-539"/>
      </symbol>
      <symbol id="sm-818">
         <name>USBDeviceConfig</name>
         <value>0xd35</value>
         <object_component_ref idref="oc-525"/>
      </symbol>
      <symbol id="sm-964">
         <name>USBDHIDInit</name>
         <value>0x3529</value>
         <object_component_ref idref="oc-2a3"/>
      </symbol>
      <symbol id="sm-965">
         <name>USBDHIDReportWrite</name>
         <value>0x2a7b</value>
         <object_component_ref idref="oc-398"/>
      </symbol>
      <symbol id="sm-966">
         <name>g_sHIDHandlers</name>
         <value>0x3c84</value>
         <object_component_ref idref="oc-462"/>
      </symbol>
      <symbol id="sm-967">
         <name>USBDHIDCompositeInit</name>
         <value>0x1169</value>
         <object_component_ref idref="oc-353"/>
      </symbol>
      <symbol id="sm-968">
         <name>g_pui8HIDDeviceDescriptor</name>
         <value>0x20000b59</value>
         <object_component_ref idref="oc-465"/>
      </symbol>
      <symbol id="sm-969">
         <name>USBDHIDRemoteWakeupRequest</name>
         <value>0x3a43</value>
         <object_component_ref idref="oc-2c1"/>
      </symbol>
      <symbol id="sm-96a">
         <name>USBDHIDTxPacketAvailable</name>
         <value>0x393d</value>
         <object_component_ref idref="oc-392"/>
      </symbol>
      <symbol id="sm-979">
         <name>__aeabi_uidivmod</name>
         <value>0x2d85</value>
         <object_component_ref idref="oc-33d"/>
      </symbol>
      <symbol id="sm-97a">
         <name>__aeabi_uidiv</name>
         <value>0x2d85</value>
         <object_component_ref idref="oc-33d"/>
      </symbol>
      <symbol id="sm-98c">
         <name>__TI_zero_init</name>
         <value>0x39b7</value>
         <object_component_ref idref="oc-6f"/>
      </symbol>
      <symbol id="sm-9a3">
         <name>__TI_decompress_none</name>
         <value>0x3991</value>
         <object_component_ref idref="oc-19"/>
      </symbol>
      <symbol id="sm-9c6">
         <name>__TI_decompress_lzss</name>
         <value>0x228d</value>
         <object_component_ref idref="oc-13"/>
      </symbol>
      <symbol id="sm-9d9">
         <name>__stack</name>
         <value>0x20000668</value>
         <object_component_ref idref="oc-22"/>
      </symbol>
      <symbol id="sm-9da">
         <name>_c_int00_noargs</name>
         <value>0x30dd</value>
         <object_component_ref idref="oc-7b"/>
      </symbol>
      <symbol id="sm-9e4">
         <name>__aeabi_idiv0</name>
         <value>0x2ef3</value>
         <object_component_ref idref="oc-439"/>
      </symbol>
      <symbol id="sm-9e5">
         <name>__aeabi_ldiv0</name>
         <value>0x2ef3</value>
         <object_component_ref idref="oc-439"/>
      </symbol>
      <symbol id="sm-9f4">
         <name>__aeabi_memset</name>
         <value>0x1e3d</value>
         <object_component_ref idref="oc-f1"/>
      </symbol>
      <symbol id="sm-9f5">
         <name>memset</name>
         <value>0x1e43</value>
         <object_component_ref idref="oc-f1"/>
      </symbol>
      <symbol id="sm-9f6">
         <name>__aeabi_memset8</name>
         <value>0x1e3d</value>
         <object_component_ref idref="oc-f1"/>
      </symbol>
      <symbol id="sm-9f7">
         <name>__aeabi_memset4</name>
         <value>0x1e3d</value>
         <object_component_ref idref="oc-f1"/>
      </symbol>
      <symbol id="sm-9f8">
         <name>__aeabi_memclr8</name>
         <value>0x1e3b</value>
         <object_component_ref idref="oc-f1"/>
      </symbol>
      <symbol id="sm-9f9">
         <name>__aeabi_memclr4</name>
         <value>0x1e3b</value>
         <object_component_ref idref="oc-f1"/>
      </symbol>
      <symbol id="sm-9fa">
         <name>__aeabi_memclr</name>
         <value>0x1e3b</value>
         <object_component_ref idref="oc-f1"/>
      </symbol>
      <symbol id="sm-a15">
         <name>memcpy</name>
         <value>0x173d</value>
         <object_component_ref idref="oc-5d"/>
      </symbol>
      <symbol id="sm-a16">
         <name>__aeabi_memcpy</name>
         <value>0x173d</value>
         <object_component_ref idref="oc-5d"/>
      </symbol>
      <symbol id="sm-a17">
         <name>__aeabi_memcpy8</name>
         <value>0x173d</value>
         <object_component_ref idref="oc-5d"/>
      </symbol>
      <symbol id="sm-a18">
         <name>__aeabi_memcpy4</name>
         <value>0x173d</value>
         <object_component_ref idref="oc-5d"/>
      </symbol>
      <symbol id="sm-a40">
         <name>__TI_auto_init_nobinit_nopinit</name>
         <value>0x2d01</value>
         <object_component_ref idref="oc-1e6"/>
      </symbol>
      <symbol id="sm-a4a">
         <name>_system_pre_init</name>
         <value>0x3a6d</value>
         <object_component_ref idref="oc-f7"/>
      </symbol>
      <symbol id="sm-a56">
         <name>C$$EXIT</name>
         <value>0x3a71</value>
         <object_component_ref idref="oc-1da"/>
      </symbol>
      <symbol id="sm-a57">
         <name>abort</name>
         <value>0x3a71</value>
         <object_component_ref idref="oc-1da"/>
      </symbol>
      <symbol id="sm-a83">
         <name>SysCtlPeripheralEnable</name>
         <value>0x3075</value>
         <object_component_ref idref="oc-47f"/>
      </symbol>
      <symbol id="sm-a84">
         <name>SysCtlUSBPLLEnable</name>
         <value>0x381d</value>
         <object_component_ref idref="oc-485"/>
      </symbol>
      <symbol id="sm-a85">
         <name>SysCtlPeripheralReset</name>
         <value>0x2811</value>
         <object_component_ref idref="oc-479"/>
      </symbol>
      <symbol id="sm-ad0">
         <name>uDMAChannelControlSet</name>
         <value>0x35bd</value>
         <object_component_ref idref="oc-6e8"/>
      </symbol>
      <symbol id="sm-ad1">
         <name>uDMAChannelDisable</name>
         <value>0x37d5</value>
         <object_component_ref idref="oc-702"/>
      </symbol>
      <symbol id="sm-ad2">
         <name>uDMAChannelModeGet</name>
         <value>0x3501</value>
         <object_component_ref idref="oc-727"/>
      </symbol>
      <symbol id="sm-ad3">
         <name>uDMAChannelTransferSet</name>
         <value>0x1cbd</value>
         <object_component_ref idref="oc-736"/>
      </symbol>
      <symbol id="sm-ad4">
         <name>uDMAChannelAttributeDisable</name>
         <value>0x2be9</value>
         <object_component_ref idref="oc-6f5"/>
      </symbol>
      <symbol id="sm-ad5">
         <name>uDMAChannelEnable</name>
         <value>0x37ed</value>
         <object_component_ref idref="oc-71b"/>
      </symbol>
      <symbol id="sm-c84">
         <name>USBLPMIntEnable</name>
         <value>0x39ab</value>
         <object_component_ref idref="oc-4bb"/>
      </symbol>
      <symbol id="sm-c85">
         <name>USBEndpointDataAvail</name>
         <value>0x36d9</value>
         <object_component_ref idref="oc-59b"/>
      </symbol>
      <symbol id="sm-c86">
         <name>USBClockEnable</name>
         <value>0x39c3</value>
         <object_component_ref idref="oc-48b"/>
      </symbol>
      <symbol id="sm-c87">
         <name>USBDevDisconnect</name>
         <value>0x39f5</value>
         <object_component_ref idref="oc-17a"/>
      </symbol>
      <symbol id="sm-c88">
         <name>USBDevEndpointStallClear</name>
         <value>0x2ac5</value>
         <object_component_ref idref="oc-513"/>
      </symbol>
      <symbol id="sm-c89">
         <name>USBEndpointDataPut</name>
         <value>0x300b</value>
         <object_component_ref idref="oc-315"/>
      </symbol>
      <symbol id="sm-c8a">
         <name>USBDMAChannelIntStatus</name>
         <value>0x3a49</value>
         <object_component_ref idref="oc-759"/>
      </symbol>
      <symbol id="sm-c8b">
         <name>USBDevAddrSet</name>
         <value>0x3a69</value>
         <object_component_ref idref="oc-241"/>
      </symbol>
      <symbol id="sm-c8c">
         <name>USBDMAChannelCountSet</name>
         <value>0x39e1</value>
         <object_component_ref idref="oc-774"/>
      </symbol>
      <symbol id="sm-c8d">
         <name>USBLPMIntStatus</name>
         <value>0x3a55</value>
         <object_component_ref idref="oc-162"/>
      </symbol>
      <symbol id="sm-c8e">
         <name>USBDMAChannelAddressSet</name>
         <value>0x39d7</value>
         <object_component_ref idref="oc-76e"/>
      </symbol>
      <symbol id="sm-c8f">
         <name>USBULPIDisable</name>
         <value>0x3975</value>
         <object_component_ref idref="oc-49d"/>
      </symbol>
      <symbol id="sm-c90">
         <name>USBIntStatusControl</name>
         <value>0x2f9d</value>
         <object_component_ref idref="oc-c3"/>
      </symbol>
      <symbol id="sm-c91">
         <name>USBEndpointDMADisable</name>
         <value>0x354f</value>
         <object_component_ref idref="oc-6fb"/>
      </symbol>
      <symbol id="sm-c92">
         <name>USBDevEndpointDataAck</name>
         <value>0x3435</value>
         <object_component_ref idref="oc-24d"/>
      </symbol>
      <symbol id="sm-c93">
         <name>USBOTGMode</name>
         <value>0x3a19</value>
         <object_component_ref idref="oc-4a3"/>
      </symbol>
      <symbol id="sm-c94">
         <name>USBDMAChannelConfigSet</name>
         <value>0x3859</value>
         <object_component_ref idref="oc-77a"/>
      </symbol>
      <symbol id="sm-c95">
         <name>USBULPIRegRead</name>
         <value>0x3665</value>
         <object_component_ref idref="oc-5ac"/>
      </symbol>
      <symbol id="sm-c96">
         <name>USBDevMode</name>
         <value>0x3a09</value>
         <object_component_ref idref="oc-4a9"/>
      </symbol>
      <symbol id="sm-c97">
         <name>USBIntEnableEndpoint</name>
         <value>0x3805</value>
         <object_component_ref idref="oc-4cd"/>
      </symbol>
      <symbol id="sm-c98">
         <name>USBEndpointDataGet</name>
         <value>0x2c31</value>
         <object_component_ref idref="oc-247"/>
      </symbol>
      <symbol id="sm-c99">
         <name>USBDevEndpointStatusClear</name>
         <value>0x2605</value>
         <object_component_ref idref="oc-23b"/>
      </symbol>
      <symbol id="sm-c9a">
         <name>USBULPIEnable</name>
         <value>0x3983</value>
         <object_component_ref idref="oc-491"/>
      </symbol>
      <symbol id="sm-c9b">
         <name>USBFIFOAddrGet</name>
         <value>0x3a11</value>
         <object_component_ref idref="oc-730"/>
      </symbol>
      <symbol id="sm-c9c">
         <name>USBDMAChannelStatus</name>
         <value>0x394b</value>
         <object_component_ref idref="oc-752"/>
      </symbol>
      <symbol id="sm-c9d">
         <name>USBULPIRegWrite</name>
         <value>0x3683</value>
         <object_component_ref idref="oc-5b2"/>
      </symbol>
      <symbol id="sm-c9e">
         <name>USBDMAChannelIntEnable</name>
         <value>0x38ef</value>
         <object_component_ref idref="oc-760"/>
      </symbol>
      <symbol id="sm-c9f">
         <name>USBDevLPMConfig</name>
         <value>0x3a4f</value>
         <object_component_ref idref="oc-4b5"/>
      </symbol>
      <symbol id="sm-ca0">
         <name>USBDevLPMEnable</name>
         <value>0x3967</value>
         <object_component_ref idref="oc-168"/>
      </symbol>
      <symbol id="sm-ca1">
         <name>USBControllerVersion</name>
         <value>0x39cd</value>
         <object_component_ref idref="oc-5c0"/>
      </symbol>
      <symbol id="sm-ca2">
         <name>USBFIFOConfigSet</name>
         <value>0x2eb9</value>
         <object_component_ref idref="oc-685"/>
      </symbol>
      <symbol id="sm-ca3">
         <name>USBEndpointDMAEnable</name>
         <value>0x3573</value>
         <object_component_ref idref="oc-715"/>
      </symbol>
      <symbol id="sm-ca4">
         <name>USBDevLPMDisable</name>
         <value>0x3959</value>
         <object_component_ref idref="oc-4af"/>
      </symbol>
      <symbol id="sm-ca5">
         <name>USBEndpointDataSend</name>
         <value>0x30a9</value>
         <object_component_ref idref="oc-31b"/>
      </symbol>
      <symbol id="sm-ca6">
         <name>USBIntStatusEndpoint</name>
         <value>0x39ff</value>
         <object_component_ref idref="oc-16e"/>
      </symbol>
      <symbol id="sm-ca7">
         <name>USBEndpointStatus</name>
         <value>0x3911</value>
         <object_component_ref idref="oc-235"/>
      </symbol>
      <symbol id="sm-ca8">
         <name>USBEndpointPacketCountSet</name>
         <value>0x399f</value>
         <object_component_ref idref="oc-73c"/>
      </symbol>
      <symbol id="sm-ca9">
         <name>USBDMAChannelIntDisable</name>
         <value>0x38dd</value>
         <object_component_ref idref="oc-767"/>
      </symbol>
      <symbol id="sm-caa">
         <name>USBEndpointDMAConfigSet</name>
         <value>0x2999</value>
         <object_component_ref idref="oc-742"/>
      </symbol>
      <symbol id="sm-cab">
         <name>USBDevEndpointStall</name>
         <value>0x31db</value>
         <object_component_ref idref="oc-3e0"/>
      </symbol>
      <symbol id="sm-cac">
         <name>USBDevConnect</name>
         <value>0x39eb</value>
         <object_component_ref idref="oc-4d3"/>
      </symbol>
      <symbol id="sm-cad">
         <name>USBDevEndpointConfigSet</name>
         <value>0x1dc1</value>
         <object_component_ref idref="oc-679"/>
      </symbol>
      <symbol id="sm-cae">
         <name>USBDMAChannelDisable</name>
         <value>0x38b9</value>
         <object_component_ref idref="oc-74b"/>
      </symbol>
      <symbol id="sm-caf">
         <name>USBDMAChannelEnable</name>
         <value>0x38cb</value>
         <object_component_ref idref="oc-780"/>
      </symbol>
      <symbol id="sm-cb0">
         <name>USBHostResume</name>
         <value>0x386d</value>
         <object_component_ref idref="oc-226"/>
      </symbol>
      <symbol id="sm-cb1">
         <name>USBIntEnableControl</name>
         <value>0x34d9</value>
         <object_component_ref idref="oc-4c7"/>
      </symbol>
      <symbol id="sm-cb2">
         <name>USBEndpointDMAChannel</name>
         <value>0x3743</value>
         <object_component_ref idref="oc-6ef"/>
      </symbol>
      <symbol id="sm-cb3">
         <name>__TI_static_base__</name>
         <value>0x0</value>
      </symbol>
      <symbol id="sm-cb6">
         <name>__mpu_init</name>
         <value>0x0</value>
      </symbol>
      <symbol id="sm-cb7">
         <name>_system_post_cinit</name>
         <value>0x0</value>
      </symbol>
   </symbol_table>
   <title>Link successful</title>
</link_info>
